[Fri Mar 04 19:56:22.283174 2022] [php7:warn] [pid 186168] [client 172.70.254.119:22612] PHP Warning:  Use of undefined constant URL - assumed 'URL' (this will throw an Error in a future version of PHP) in /var/www/html/config/constants.php on line 4, referer: https://uber.robertcastillo.me/login/entrar
[Fri Mar 04 19:56:22.285616 2022] [php7:notice] [pid 186168] [client 172.70.254.119:22612] PHP Notice:  Undefined offset: 2 in /var/www/html/libs/App.php on line 43, referer: https://uber.robertcastillo.me/login/entrar
[Fri Mar 04 19:56:22.531382 2022] [php7:warn] [pid 186705] [client 172.70.254.73:55422] PHP Warning:  Use of undefined constant URL - assumed 'URL' (this will throw an Error in a future version of PHP) in /var/www/html/config/constants.php on line 4, referer: https://uber.robertcastillo.me/login/entrar
[Fri Mar 04 19:56:22.531435 2022] [php7:notice] [pid 186705] [client 172.70.254.73:55422] PHP Notice:  Undefined offset: 1 in /var/www/html/libs/App.php on line 18, referer: https://uber.robertcastillo.me/login/entrar
[Fri Mar 04 19:56:22.533957 2022] [php7:notice] [pid 186705] [client 172.70.254.73:55422] PHP Notice:  Undefined offset: 2 in /var/www/html/libs/App.php on line 43, referer: https://uber.robertcastillo.me/login/entrar
[Fri Mar 04 19:56:22.533983 2022] [php7:notice] [pid 186705] [client 172.70.254.73:55422] PHP Notice:  Undefined property: View::$error in /var/www/html/views/login/index.php on line 26, referer: https://uber.robertcastillo.me/login/entrar
[Fri Mar 04 19:56:27.604907 2022] [php7:warn] [pid 185828] [client 172.70.254.119:22642] PHP Warning:  Use of undefined constant URL - assumed 'URL' (this will throw an Error in a future version of PHP) in /var/www/html/config/constants.php on line 4, referer: https://uber.robertcastillo.me/login/entrar
[Fri Mar 04 19:56:27.607677 2022] [php7:notice] [pid 185828] [client 172.70.254.119:22642] PHP Notice:  Undefined offset: 2 in /var/www/html/libs/App.php on line 43, referer: https://uber.robertcastillo.me/login/entrar
[Fri Mar 04 19:56:27.838644 2022] [php7:warn] [pid 185830] [client 172.70.254.73:55890] PHP Warning:  Use of undefined constant URL - assumed 'URL' (this will throw an Error in a future version of PHP) in /var/www/html/config/constants.php on line 4, referer: https://uber.robertcastillo.me/login/entrar
[Fri Mar 04 19:56:27.838706 2022] [php7:notice] [pid 185830] [client 172.70.254.73:55890] PHP Notice:  Undefined offset: 1 in /var/www/html/libs/App.php on line 18, referer: https://uber.robertcastillo.me/login/entrar
[Fri Mar 04 19:56:27.841353 2022] [php7:notice] [pid 185830] [client 172.70.254.73:55890] PHP Notice:  Undefined offset: 2 in /var/www/html/libs/App.php on line 43, referer: https://uber.robertcastillo.me/login/entrar
[Fri Mar 04 19:56:27.841378 2022] [php7:notice] [pid 185830] [client 172.70.254.73:55890] PHP Notice:  Undefined property: View::$error in /var/www/html/views/login/index.php on line 26, referer: https://uber.robertcastillo.me/login/entrar
[Fri Mar 04 19:56:35.590586 2022] [php7:warn] [pid 185827] [client 172.70.254.119:22646] PHP Warning:  Use of undefined constant URL - assumed 'URL' (this will throw an Error in a future version of PHP) in /var/www/html/config/constants.php on line 4, referer: https://uber.robertcastillo.me/login/entrar
[Fri Mar 04 19:56:35.594092 2022] [php7:notice] [pid 185827] [client 172.70.254.119:22646] PHP Notice:  Undefined offset: 2 in /var/www/html/libs/App.php on line 43, referer: https://uber.robertcastillo.me/login/entrar
[Fri Mar 04 19:56:35.890233 2022] [php7:warn] [pid 185829] [client 172.70.254.73:56296] PHP Warning:  Use of undefined constant URL - assumed 'URL' (this will throw an Error in a future version of PHP) in /var/www/html/config/constants.php on line 4, referer: https://uber.robertcastillo.me/login/entrar
[Fri Mar 04 19:56:35.890285 2022] [php7:notice] [pid 185829] [client 172.70.254.73:56296] PHP Notice:  Undefined offset: 1 in /var/www/html/libs/App.php on line 18, referer: https://uber.robertcastillo.me/login/entrar
[Fri Mar 04 19:56:35.892630 2022] [php7:notice] [pid 185829] [client 172.70.254.73:56296] PHP Notice:  Undefined offset: 2 in /var/www/html/libs/App.php on line 43, referer: https://uber.robertcastillo.me/login/entrar
[Fri Mar 04 19:56:35.892653 2022] [php7:notice] [pid 185829] [client 172.70.254.73:56296] PHP Notice:  Undefined property: View::$error in /var/www/html/views/login/index.php on line 26, referer: https://uber.robertcastillo.me/login/entrar
[Fri Mar 04 20:02:11.910815 2022] [php7:warn] [pid 185831] [client 172.70.55.14:44122] PHP Warning:  Use of undefined constant URL - assumed 'URL' (this will throw an Error in a future version of PHP) in /var/www/html/config/constants.php on line 4, referer: https://uber.robertcastillo.me/login/entrar
[Fri Mar 04 20:02:11.915174 2022] [php7:notice] [pid 185831] [client 172.70.55.14:44122] PHP Notice:  Undefined offset: 2 in /var/www/html/libs/App.php on line 43, referer: https://uber.robertcastillo.me/login/entrar
[Fri Mar 04 20:02:12.116424 2022] [php7:warn] [pid 186168] [client 172.70.54.235:30254] PHP Warning:  Use of undefined constant URL - assumed 'URL' (this will throw an Error in a future version of PHP) in /var/www/html/config/constants.php on line 4, referer: https://uber.robertcastillo.me/login/entrar
[Fri Mar 04 20:02:12.116472 2022] [php7:notice] [pid 186168] [client 172.70.54.235:30254] PHP Notice:  Undefined offset: 1 in /var/www/html/libs/App.php on line 18, referer: https://uber.robertcastillo.me/login/entrar
[Fri Mar 04 20:02:12.119039 2022] [php7:notice] [pid 186168] [client 172.70.54.235:30254] PHP Notice:  Undefined offset: 2 in /var/www/html/libs/App.php on line 43, referer: https://uber.robertcastillo.me/login/entrar
[Fri Mar 04 20:02:12.119062 2022] [php7:notice] [pid 186168] [client 172.70.54.235:30254] PHP Notice:  Undefined property: View::$error in /var/www/html/views/login/index.php on line 26, referer: https://uber.robertcastillo.me/login/entrar
[Fri Mar 04 20:02:19.992800 2022] [php7:warn] [pid 186705] [client 172.70.55.14:44184] PHP Warning:  Use of undefined constant URL - assumed 'URL' (this will throw an Error in a future version of PHP) in /var/www/html/config/constants.php on line 4, referer: https://uber.robertcastillo.me/login/entrar
[Fri Mar 04 20:02:19.995653 2022] [php7:notice] [pid 186705] [client 172.70.55.14:44184] PHP Notice:  Undefined offset: 2 in /var/www/html/libs/App.php on line 43, referer: https://uber.robertcastillo.me/login/entrar
[Fri Mar 04 20:02:19.995675 2022] [php7:notice] [pid 186705] [client 172.70.55.14:44184] PHP Notice:  Undefined index: correo in /var/www/html/controllers/login.php on line 12, referer: https://uber.robertcastillo.me/login/entrar
[Fri Mar 04 20:02:19.995684 2022] [php7:notice] [pid 186705] [client 172.70.55.14:44184] PHP Notice:  Undefined index: clave in /var/www/html/controllers/login.php on line 13, referer: https://uber.robertcastillo.me/login/entrar
[Fri Mar 04 20:02:20.220738 2022] [php7:warn] [pid 185828] [client 172.70.54.235:30276] PHP Warning:  Use of undefined constant URL - assumed 'URL' (this will throw an Error in a future version of PHP) in /var/www/html/config/constants.php on line 4, referer: https://uber.robertcastillo.me/login/entrar
[Fri Mar 04 20:02:20.220787 2022] [php7:notice] [pid 185828] [client 172.70.54.235:30276] PHP Notice:  Undefined offset: 1 in /var/www/html/libs/App.php on line 18, referer: https://uber.robertcastillo.me/login/entrar
[Fri Mar 04 20:02:20.223238 2022] [php7:notice] [pid 185828] [client 172.70.54.235:30276] PHP Notice:  Undefined offset: 2 in /var/www/html/libs/App.php on line 43, referer: https://uber.robertcastillo.me/login/entrar
[Fri Mar 04 20:02:20.223263 2022] [php7:notice] [pid 185828] [client 172.70.54.235:30276] PHP Notice:  Undefined property: View::$error in /var/www/html/views/login/index.php on line 26, referer: https://uber.robertcastillo.me/login/entrar
[Fri Mar 04 20:22:00.569738 2022] [php7:warn] [pid 185830] [client 123.9.212.171:14221] PHP Warning:  Use of undefined constant URL - assumed 'URL' (this will throw an Error in a future version of PHP) in /var/www/html/config/constants.php on line 4
[Fri Mar 04 20:22:00.569797 2022] [php7:notice] [pid 185830] [client 123.9.212.171:14221] PHP Notice:  Undefined offset: 1 in /var/www/html/libs/App.php on line 18
[Fri Mar 04 20:22:00.574037 2022] [php7:notice] [pid 185830] [client 123.9.212.171:14221] PHP Notice:  Undefined offset: 2 in /var/www/html/libs/App.php on line 43
[Fri Mar 04 20:22:00.574092 2022] [php7:notice] [pid 185830] [client 123.9.212.171:14221] PHP Notice:  Undefined property: View::$error in /var/www/html/views/login/index.php on line 26
[Fri Mar 04 20:42:17.268938 2022] [php7:warn] [pid 185827] [client 161.189.134.11:57886] PHP Warning:  Use of undefined constant URL - assumed 'URL' (this will throw an Error in a future version of PHP) in /var/www/html/config/constants.php on line 4
[Fri Mar 04 20:42:17.268993 2022] [php7:notice] [pid 185827] [client 161.189.134.11:57886] PHP Notice:  Undefined index: url in /var/www/html/libs/App.php on line 4
[Fri Mar 04 20:42:17.269008 2022] [php7:notice] [pid 185827] [client 161.189.134.11:57886] PHP Notice:  Undefined index: ok in /var/www/html/libs/App.php on line 11
[Fri Mar 04 20:42:17.269014 2022] [php7:notice] [pid 185827] [client 161.189.134.11:57886] PHP Notice:  Undefined offset: 1 in /var/www/html/libs/App.php on line 18
[Fri Mar 04 20:42:17.273324 2022] [php7:notice] [pid 185827] [client 161.189.134.11:57886] PHP Notice:  Undefined offset: 2 in /var/www/html/libs/App.php on line 43
[Fri Mar 04 20:42:17.273368 2022] [php7:notice] [pid 185827] [client 161.189.134.11:57886] PHP Notice:  Undefined property: View::$error in /var/www/html/views/login/index.php on line 26
[Fri Mar 04 20:51:32.803646 2022] [php7:warn] [pid 185829] [client 185.254.196.217:43718] PHP Warning:  Use of undefined constant URL - assumed 'URL' (this will throw an Error in a future version of PHP) in /var/www/html/config/constants.php on line 4
[Fri Mar 04 20:51:32.803714 2022] [php7:notice] [pid 185829] [client 185.254.196.217:43718] PHP Notice:  Undefined offset: 1 in /var/www/html/libs/App.php on line 18
[Fri Mar 04 20:51:32.807496 2022] [php7:notice] [pid 185829] [client 185.254.196.217:43718] PHP Notice:  Undefined offset: 2 in /var/www/html/libs/App.php on line 43
[Fri Mar 04 20:51:32.807535 2022] [php7:notice] [pid 185829] [client 185.254.196.217:43718] PHP Notice:  Undefined property: View::$error in /var/www/html/views/login/index.php on line 26
[Fri Mar 04 20:51:34.365681 2022] [php7:warn] [pid 185831] [client 185.254.196.217:45106] PHP Warning:  Use of undefined constant URL - assumed 'URL' (this will throw an Error in a future version of PHP) in /var/www/html/config/constants.php on line 4
[Fri Mar 04 20:51:34.365722 2022] [php7:notice] [pid 185831] [client 185.254.196.217:45106] PHP Notice:  Undefined index: url in /var/www/html/libs/App.php on line 4
[Fri Mar 04 20:51:34.365735 2022] [php7:notice] [pid 185831] [client 185.254.196.217:45106] PHP Notice:  Undefined index: ok in /var/www/html/libs/App.php on line 11
[Fri Mar 04 20:51:34.365742 2022] [php7:notice] [pid 185831] [client 185.254.196.217:45106] PHP Notice:  Undefined offset: 1 in /var/www/html/libs/App.php on line 18
[Fri Mar 04 20:51:34.367976 2022] [php7:notice] [pid 185831] [client 185.254.196.217:45106] PHP Notice:  Undefined offset: 2 in /var/www/html/libs/App.php on line 43
[Fri Mar 04 20:51:34.368001 2022] [php7:notice] [pid 185831] [client 185.254.196.217:45106] PHP Notice:  Undefined property: View::$error in /var/www/html/views/login/index.php on line 26
[Fri Mar 04 20:53:08.702715 2022] [php7:warn] [pid 186168] [client 135.125.246.189:35410] PHP Warning:  Use of undefined constant URL - assumed 'URL' (this will throw an Error in a future version of PHP) in /var/www/html/config/constants.php on line 4
[Fri Mar 04 20:53:08.702771 2022] [php7:notice] [pid 186168] [client 135.125.246.189:35410] PHP Notice:  Undefined index: url in /var/www/html/libs/App.php on line 4
[Fri Mar 04 20:53:08.702785 2022] [php7:notice] [pid 186168] [client 135.125.246.189:35410] PHP Notice:  Undefined index: ok in /var/www/html/libs/App.php on line 11
[Fri Mar 04 20:53:08.702791 2022] [php7:notice] [pid 186168] [client 135.125.246.189:35410] PHP Notice:  Undefined offset: 1 in /var/www/html/libs/App.php on line 18
[Fri Mar 04 20:53:08.706820 2022] [php7:notice] [pid 186168] [client 135.125.246.189:35410] PHP Notice:  Undefined offset: 2 in /var/www/html/libs/App.php on line 43
[Fri Mar 04 20:53:08.706863 2022] [php7:notice] [pid 186168] [client 135.125.246.189:35410] PHP Notice:  Undefined property: View::$error in /var/www/html/views/login/index.php on line 26
[Fri Mar 04 20:53:08.967128 2022] [php7:warn] [pid 186705] [client 135.125.246.189:35858] PHP Warning:  Use of undefined constant URL - assumed 'URL' (this will throw an Error in a future version of PHP) in /var/www/html/config/constants.php on line 4
[Fri Mar 04 20:53:08.967171 2022] [php7:notice] [pid 186705] [client 135.125.246.189:35858] PHP Notice:  Undefined offset: 1 in /var/www/html/libs/App.php on line 18
[Fri Mar 04 20:53:08.969853 2022] [php7:notice] [pid 186705] [client 135.125.246.189:35858] PHP Notice:  Undefined offset: 2 in /var/www/html/libs/App.php on line 43
[Fri Mar 04 20:53:08.970046 2022] [php7:notice] [pid 186705] [client 135.125.246.189:35858] PHP Notice:  Undefined property: View::$error in /var/www/html/views/login/index.php on line 26
[Fri Mar 04 21:02:39.454793 2022] [php7:warn] [pid 185828] [client 167.94.146.57:55812] PHP Warning:  Use of undefined constant URL - assumed 'URL' (this will throw an Error in a future version of PHP) in /var/www/html/config/constants.php on line 4
[Fri Mar 04 21:02:39.454862 2022] [php7:notice] [pid 185828] [client 167.94.146.57:55812] PHP Notice:  Undefined index: url in /var/www/html/libs/App.php on line 4
[Fri Mar 04 21:02:39.454876 2022] [php7:notice] [pid 185828] [client 167.94.146.57:55812] PHP Notice:  Undefined index: ok in /var/www/html/libs/App.php on line 11
[Fri Mar 04 21:02:39.454882 2022] [php7:notice] [pid 185828] [client 167.94.146.57:55812] PHP Notice:  Undefined offset: 1 in /var/www/html/libs/App.php on line 18
[Fri Mar 04 21:02:39.459063 2022] [php7:notice] [pid 185828] [client 167.94.146.57:55812] PHP Notice:  Undefined offset: 2 in /var/www/html/libs/App.php on line 43
[Fri Mar 04 21:02:39.459102 2022] [php7:notice] [pid 185828] [client 167.94.146.57:55812] PHP Notice:  Undefined property: View::$error in /var/www/html/views/login/index.php on line 26
[Fri Mar 04 21:02:39.674203 2022] [php7:warn] [pid 185830] [client 167.94.146.57:36116] PHP Warning:  Use of undefined constant URL - assumed 'URL' (this will throw an Error in a future version of PHP) in /var/www/html/config/constants.php on line 4
[Fri Mar 04 21:02:39.674244 2022] [php7:notice] [pid 185830] [client 167.94.146.57:36116] PHP Notice:  Undefined index: url in /var/www/html/libs/App.php on line 4
[Fri Mar 04 21:02:39.674258 2022] [php7:notice] [pid 185830] [client 167.94.146.57:36116] PHP Notice:  Undefined index: ok in /var/www/html/libs/App.php on line 11
[Fri Mar 04 21:02:39.674264 2022] [php7:notice] [pid 185830] [client 167.94.146.57:36116] PHP Notice:  Undefined offset: 1 in /var/www/html/libs/App.php on line 18
[Fri Mar 04 21:02:39.676666 2022] [php7:notice] [pid 185830] [client 167.94.146.57:36116] PHP Notice:  Undefined offset: 2 in /var/www/html/libs/App.php on line 43
[Fri Mar 04 21:02:39.676690 2022] [php7:notice] [pid 185830] [client 167.94.146.57:36116] PHP Notice:  Undefined property: View::$error in /var/www/html/views/login/index.php on line 26
[Fri Mar 04 22:31:05.618735 2022] [php7:warn] [pid 186705] [client 172.70.54.199:18258] PHP Warning:  Use of undefined constant URL - assumed 'URL' (this will throw an Error in a future version of PHP) in /var/www/html/config/constants.php on line 4
[Fri Mar 04 22:31:05.622718 2022] [php7:notice] [pid 186705] [client 172.70.54.199:18258] PHP Notice:  Undefined offset: 2 in /var/www/html/libs/App.php on line 43
[Fri Mar 04 22:31:05.622739 2022] [php7:notice] [pid 186705] [client 172.70.54.199:18258] PHP Notice:  Undefined index: correo in /var/www/html/controllers/login.php on line 12
[Fri Mar 04 22:31:05.622747 2022] [php7:notice] [pid 186705] [client 172.70.54.199:18258] PHP Notice:  Undefined index: clave in /var/www/html/controllers/login.php on line 13
[Fri Mar 04 22:31:05.828644 2022] [php7:warn] [pid 185828] [client 172.70.55.14:16344] PHP Warning:  Use of undefined constant URL - assumed 'URL' (this will throw an Error in a future version of PHP) in /var/www/html/config/constants.php on line 4
[Fri Mar 04 22:31:05.831198 2022] [php7:notice] [pid 185828] [client 172.70.55.14:16344] PHP Notice:  Undefined offset: 2 in /var/www/html/libs/App.php on line 43
[Fri Mar 04 22:31:05.831228 2022] [php7:notice] [pid 185828] [client 172.70.55.14:16344] PHP Notice:  Undefined index: correo in /var/www/html/controllers/login.php on line 12
[Fri Mar 04 22:31:05.831236 2022] [php7:notice] [pid 185828] [client 172.70.55.14:16344] PHP Notice:  Undefined index: clave in /var/www/html/controllers/login.php on line 13
[Fri Mar 04 22:31:06.454785 2022] [php7:warn] [pid 185830] [client 172.70.54.235:56410] PHP Warning:  Use of undefined constant URL - assumed 'URL' (this will throw an Error in a future version of PHP) in /var/www/html/config/constants.php on line 4, referer: https://uber.robertcastillo.me/login/entrar
[Fri Mar 04 22:31:06.454841 2022] [php7:notice] [pid 185830] [client 172.70.54.235:56410] PHP Notice:  Undefined offset: 1 in /var/www/html/libs/App.php on line 18, referer: https://uber.robertcastillo.me/login/entrar
[Fri Mar 04 22:31:06.457509 2022] [php7:notice] [pid 185830] [client 172.70.54.235:56410] PHP Notice:  Undefined offset: 2 in /var/www/html/libs/App.php on line 43, referer: https://uber.robertcastillo.me/login/entrar
[Fri Mar 04 22:31:06.457537 2022] [php7:notice] [pid 185830] [client 172.70.54.235:56410] PHP Notice:  Undefined property: View::$error in /var/www/html/views/login/index.php on line 26, referer: https://uber.robertcastillo.me/login/entrar
[Fri Mar 04 22:31:12.410054 2022] [php7:warn] [pid 185827] [client 172.70.55.14:16414] PHP Warning:  Use of undefined constant URL - assumed 'URL' (this will throw an Error in a future version of PHP) in /var/www/html/config/constants.php on line 4, referer: https://uber.robertcastillo.me/login/entrar
[Fri Mar 04 22:31:12.412603 2022] [php7:notice] [pid 185827] [client 172.70.55.14:16414] PHP Notice:  Undefined offset: 2 in /var/www/html/libs/App.php on line 43, referer: https://uber.robertcastillo.me/login/entrar
[Fri Mar 04 22:31:12.604101 2022] [php7:warn] [pid 185829] [client 172.70.54.235:56428] PHP Warning:  Use of undefined constant URL - assumed 'URL' (this will throw an Error in a future version of PHP) in /var/www/html/config/constants.php on line 4, referer: https://uber.robertcastillo.me/login/entrar
[Fri Mar 04 22:31:12.604147 2022] [php7:notice] [pid 185829] [client 172.70.54.235:56428] PHP Notice:  Undefined offset: 1 in /var/www/html/libs/App.php on line 18, referer: https://uber.robertcastillo.me/login/entrar
[Fri Mar 04 22:31:14.159235 2022] [php7:warn] [pid 185827] [client 172.70.55.14:16414] PHP Warning:  Use of undefined constant URL - assumed 'URL' (this will throw an Error in a future version of PHP) in /var/www/html/config/constants.php on line 4, referer: https://uber.robertcastillo.me/login/entrar
[Fri Mar 04 22:31:14.159291 2022] [php7:notice] [pid 185827] [client 172.70.55.14:16414] PHP Notice:  Undefined offset: 1 in /var/www/html/libs/App.php on line 18, referer: https://uber.robertcastillo.me/login/entrar
[Fri Mar 04 22:31:14.163451 2022] [php7:notice] [pid 185827] [client 172.70.55.14:16414] PHP Notice:  Undefined offset: 2 in /var/www/html/libs/App.php on line 43, referer: https://uber.robertcastillo.me/login/entrar
[Fri Mar 04 22:31:14.165633 2022] [php7:notice] [pid 185827] [client 172.70.55.14:16414] PHP Notice:  Undefined property: View::$reload in /var/www/html/views/viajes/index.php on line 13, referer: https://uber.robertcastillo.me/login/entrar
[Fri Mar 04 22:31:14.165679 2022] [php7:notice] [pid 185827] [client 172.70.55.14:16414] PHP Notice:  Undefined property: View::$error in /var/www/html/views/viajes/index.php on line 19, referer: https://uber.robertcastillo.me/login/entrar
[Fri Mar 04 22:31:14.577292 2022] [php7:warn] [pid 185829] [client 172.70.54.235:56428] PHP Warning:  Use of undefined constant URL - assumed 'URL' (this will throw an Error in a future version of PHP) in /var/www/html/config/constants.php on line 4, referer: https://uber.robertcastillo.me/viajes
[Fri Mar 04 22:31:14.577489 2022] [php7:notice] [pid 185829] [client 172.70.54.235:56428] PHP Notice:  Undefined offset: 1 in /var/www/html/libs/App.php on line 18, referer: https://uber.robertcastillo.me/viajes
[Fri Mar 04 22:31:18.132068 2022] [php7:warn] [pid 185827] [client 172.70.55.14:16414] PHP Warning:  Use of undefined constant URL - assumed 'URL' (this will throw an Error in a future version of PHP) in /var/www/html/config/constants.php on line 4, referer: https://uber.robertcastillo.me/viajes
[Fri Mar 04 22:31:18.132122 2022] [php7:notice] [pid 185827] [client 172.70.55.14:16414] PHP Notice:  Undefined offset: 1 in /var/www/html/libs/App.php on line 18, referer: https://uber.robertcastillo.me/viajes
[Fri Mar 04 22:31:18.136659 2022] [php7:notice] [pid 185827] [client 172.70.55.14:16414] PHP Notice:  Undefined offset: 2 in /var/www/html/libs/App.php on line 43, referer: https://uber.robertcastillo.me/viajes
[Fri Mar 04 22:31:18.138257 2022] [php7:notice] [pid 185827] [client 172.70.55.14:16414] PHP Notice:  Undefined property: View::$reload in /var/www/html/views/conductores/index.php on line 13, referer: https://uber.robertcastillo.me/viajes
[Fri Mar 04 22:31:18.138303 2022] [php7:notice] [pid 185827] [client 172.70.55.14:16414] PHP Notice:  Undefined property: View::$error in /var/www/html/views/conductores/index.php on line 19, referer: https://uber.robertcastillo.me/viajes
[Fri Mar 04 22:31:18.645552 2022] [php7:warn] [pid 185829] [client 172.70.54.235:56428] PHP Warning:  Use of undefined constant URL - assumed 'URL' (this will throw an Error in a future version of PHP) in /var/www/html/config/constants.php on line 4, referer: https://uber.robertcastillo.me/conductores
[Fri Mar 04 22:31:18.645610 2022] [php7:notice] [pid 185829] [client 172.70.54.235:56428] PHP Notice:  Undefined offset: 1 in /var/www/html/libs/App.php on line 18, referer: https://uber.robertcastillo.me/conductores
[Fri Mar 04 22:31:20.471695 2022] [php7:warn] [pid 185827] [client 172.70.55.14:16414] PHP Warning:  Use of undefined constant URL - assumed 'URL' (this will throw an Error in a future version of PHP) in /var/www/html/config/constants.php on line 4, referer: https://uber.robertcastillo.me/conductores
[Fri Mar 04 22:31:20.471752 2022] [php7:notice] [pid 185827] [client 172.70.55.14:16414] PHP Notice:  Undefined offset: 1 in /var/www/html/libs/App.php on line 18, referer: https://uber.robertcastillo.me/conductores
[Fri Mar 04 22:31:20.475112 2022] [php7:notice] [pid 185827] [client 172.70.55.14:16414] PHP Notice:  Undefined offset: 2 in /var/www/html/libs/App.php on line 43, referer: https://uber.robertcastillo.me/conductores
[Fri Mar 04 22:31:20.476500 2022] [php7:notice] [pid 185827] [client 172.70.55.14:16414] PHP Notice:  Undefined property: View::$reload in /var/www/html/views/clientes/index.php on line 12, referer: https://uber.robertcastillo.me/conductores
[Fri Mar 04 22:31:20.476543 2022] [php7:notice] [pid 185827] [client 172.70.55.14:16414] PHP Notice:  Undefined property: View::$error in /var/www/html/views/clientes/index.php on line 17, referer: https://uber.robertcastillo.me/conductores
[Fri Mar 04 22:31:20.476553 2022] [php7:notice] [pid 185827] [client 172.70.55.14:16414] PHP Notice:  Undefined property: View::$clientes in /var/www/html/views/clientes/index.php on line 29, referer: https://uber.robertcastillo.me/conductores
[Fri Mar 04 22:31:20.476565 2022] [php7:notice] [pid 185827] [client 172.70.55.14:16414] PHP Notice:  Trying to access array offset on value of type null in /var/www/html/views/clientes/index.php on line 30, referer: https://uber.robertcastillo.me/conductores
[Fri Mar 04 22:31:20.476572 2022] [php7:warn] [pid 185827] [client 172.70.55.14:16414] PHP Warning:  Invalid argument supplied for foreach() in /var/www/html/views/clientes/index.php on line 31, referer: https://uber.robertcastillo.me/conductores
[Fri Mar 04 22:31:20.476577 2022] [php7:warn] [pid 185827] [client 172.70.55.14:16414] PHP Warning:  Invalid argument supplied for foreach() in /var/www/html/views/clientes/index.php on line 42, referer: https://uber.robertcastillo.me/conductores
[Fri Mar 04 22:31:20.476584 2022] [php7:warn] [pid 185827] [client 172.70.55.14:16414] PHP Warning:  count(): Parameter must be an array or an object that implements Countable in /var/www/html/views/clientes/index.php on line 62, referer: https://uber.robertcastillo.me/conductores
[Fri Mar 04 22:31:20.476604 2022] [php7:notice] [pid 185827] [client 172.70.55.14:16414] PHP Notice:  Undefined property: View::$inactivos in /var/www/html/views/clientes/index.php on line 87, referer: https://uber.robertcastillo.me/conductores
[Fri Mar 04 22:31:20.476610 2022] [php7:notice] [pid 185827] [client 172.70.55.14:16414] PHP Notice:  Undefined variable: usuarios in /var/www/html/views/clientes/index.php on line 88, referer: https://uber.robertcastillo.me/conductores
[Fri Mar 04 22:31:20.476615 2022] [php7:notice] [pid 185827] [client 172.70.55.14:16414] PHP Notice:  Trying to access array offset on value of type null in /var/www/html/views/clientes/index.php on line 88, referer: https://uber.robertcastillo.me/conductores
[Fri Mar 04 22:31:20.476620 2022] [php7:warn] [pid 185827] [client 172.70.55.14:16414] PHP Warning:  Invalid argument supplied for foreach() in /var/www/html/views/clientes/index.php on line 89, referer: https://uber.robertcastillo.me/conductores
[Fri Mar 04 22:31:20.476625 2022] [php7:warn] [pid 185827] [client 172.70.55.14:16414] PHP Warning:  Invalid argument supplied for foreach() in /var/www/html/views/clientes/index.php on line 100, referer: https://uber.robertcastillo.me/conductores
[Fri Mar 04 22:31:20.476630 2022] [php7:warn] [pid 185827] [client 172.70.55.14:16414] PHP Warning:  count(): Parameter must be an array or an object that implements Countable in /var/www/html/views/clientes/index.php on line 120, referer: https://uber.robertcastillo.me/conductores
[Fri Mar 04 22:31:20.616175 2022] [php7:warn] [pid 185829] [client 172.70.54.235:56428] PHP Warning:  Use of undefined constant URL - assumed 'URL' (this will throw an Error in a future version of PHP) in /var/www/html/config/constants.php on line 4, referer: https://uber.robertcastillo.me/clientes
[Fri Mar 04 22:31:20.616320 2022] [php7:notice] [pid 185829] [client 172.70.54.235:56428] PHP Notice:  Undefined offset: 1 in /var/www/html/libs/App.php on line 18, referer: https://uber.robertcastillo.me/clientes
[Fri Mar 04 22:31:32.858840 2022] [php7:warn] [pid 186168] [client 172.70.55.14:16598] PHP Warning:  Use of undefined constant URL - assumed 'URL' (this will throw an Error in a future version of PHP) in /var/www/html/config/constants.php on line 4, referer: https://uber.robertcastillo.me/clientes
[Fri Mar 04 22:31:32.858899 2022] [php7:notice] [pid 186168] [client 172.70.55.14:16598] PHP Notice:  Undefined offset: 1 in /var/www/html/libs/App.php on line 18, referer: https://uber.robertcastillo.me/clientes
[Fri Mar 04 22:31:32.863334 2022] [php7:notice] [pid 186168] [client 172.70.55.14:16598] PHP Notice:  Undefined offset: 2 in /var/www/html/libs/App.php on line 43, referer: https://uber.robertcastillo.me/clientes
[Fri Mar 04 22:31:32.866124 2022] [php7:notice] [pid 186168] [client 172.70.55.14:16598] PHP Notice:  Undefined property: View::$reload in /var/www/html/views/usuarios/index.php on line 13, referer: https://uber.robertcastillo.me/clientes
[Fri Mar 04 22:31:32.866169 2022] [php7:notice] [pid 186168] [client 172.70.55.14:16598] PHP Notice:  Undefined property: View::$error in /var/www/html/views/usuarios/index.php on line 19, referer: https://uber.robertcastillo.me/clientes
[Fri Mar 04 22:31:33.086668 2022] [php7:warn] [pid 202097] [client 172.70.54.235:56482] PHP Warning:  Use of undefined constant URL - assumed 'URL' (this will throw an Error in a future version of PHP) in /var/www/html/config/constants.php on line 4, referer: https://uber.robertcastillo.me/usuarios
[Fri Mar 04 22:31:33.086748 2022] [php7:notice] [pid 202097] [client 172.70.54.235:56482] PHP Notice:  Undefined offset: 1 in /var/www/html/libs/App.php on line 18, referer: https://uber.robertcastillo.me/usuarios
[Fri Mar 04 22:31:35.028647 2022] [php7:warn] [pid 186168] [client 172.70.55.14:16598] PHP Warning:  Use of undefined constant URL - assumed 'URL' (this will throw an Error in a future version of PHP) in /var/www/html/config/constants.php on line 4, referer: https://uber.robertcastillo.me/usuarios
[Fri Mar 04 22:31:35.028710 2022] [php7:notice] [pid 186168] [client 172.70.55.14:16598] PHP Notice:  Undefined index: url in /var/www/html/libs/App.php on line 4, referer: https://uber.robertcastillo.me/usuarios
[Fri Mar 04 22:31:35.028725 2022] [php7:notice] [pid 186168] [client 172.70.55.14:16598] PHP Notice:  Undefined offset: 1 in /var/www/html/libs/App.php on line 18, referer: https://uber.robertcastillo.me/usuarios
[Fri Mar 04 22:31:35.029669 2022] [php7:notice] [pid 186168] [client 172.70.55.14:16598] PHP Notice:  Undefined offset: 2 in /var/www/html/libs/App.php on line 43, referer: https://uber.robertcastillo.me/usuarios
[Fri Mar 04 22:31:35.176939 2022] [php7:warn] [pid 202097] [client 172.70.54.235:56482] PHP Warning:  Use of undefined constant URL - assumed 'URL' (this will throw an Error in a future version of PHP) in /var/www/html/config/constants.php on line 4, referer: https://uber.robertcastillo.me/
[Fri Mar 04 22:31:35.176987 2022] [php7:notice] [pid 202097] [client 172.70.54.235:56482] PHP Notice:  Undefined offset: 1 in /var/www/html/libs/App.php on line 18, referer: https://uber.robertcastillo.me/
[Fri Mar 04 22:31:36.133552 2022] [php7:warn] [pid 186168] [client 172.70.55.14:16598] PHP Warning:  Use of undefined constant URL - assumed 'URL' (this will throw an Error in a future version of PHP) in /var/www/html/config/constants.php on line 4, referer: https://uber.robertcastillo.me/
[Fri Mar 04 22:31:36.133599 2022] [php7:notice] [pid 186168] [client 172.70.55.14:16598] PHP Notice:  Undefined offset: 1 in /var/www/html/libs/App.php on line 18, referer: https://uber.robertcastillo.me/
[Fri Mar 04 22:31:36.136102 2022] [php7:notice] [pid 186168] [client 172.70.55.14:16598] PHP Notice:  Undefined offset: 2 in /var/www/html/libs/App.php on line 43, referer: https://uber.robertcastillo.me/
[Fri Mar 04 22:31:36.138870 2022] [php7:notice] [pid 186168] [client 172.70.55.14:16598] PHP Notice:  Undefined property: View::$reload in /var/www/html/views/usuarios/index.php on line 13, referer: https://uber.robertcastillo.me/
[Fri Mar 04 22:31:36.138895 2022] [php7:notice] [pid 186168] [client 172.70.55.14:16598] PHP Notice:  Undefined property: View::$error in /var/www/html/views/usuarios/index.php on line 19, referer: https://uber.robertcastillo.me/
[Fri Mar 04 22:31:36.313156 2022] [php7:warn] [pid 202097] [client 172.70.54.235:56482] PHP Warning:  Use of undefined constant URL - assumed 'URL' (this will throw an Error in a future version of PHP) in /var/www/html/config/constants.php on line 4, referer: https://uber.robertcastillo.me/usuarios
[Fri Mar 04 22:31:36.313199 2022] [php7:notice] [pid 202097] [client 172.70.54.235:56482] PHP Notice:  Undefined offset: 1 in /var/www/html/libs/App.php on line 18, referer: https://uber.robertcastillo.me/usuarios
[Fri Mar 04 22:31:36.941946 2022] [php7:warn] [pid 186168] [client 172.70.55.14:16598] PHP Warning:  Use of undefined constant URL - assumed 'URL' (this will throw an Error in a future version of PHP) in /var/www/html/config/constants.php on line 4, referer: https://uber.robertcastillo.me/usuarios
[Fri Mar 04 22:31:36.941992 2022] [php7:notice] [pid 186168] [client 172.70.55.14:16598] PHP Notice:  Undefined offset: 1 in /var/www/html/libs/App.php on line 18, referer: https://uber.robertcastillo.me/usuarios
[Fri Mar 04 22:31:36.944419 2022] [php7:notice] [pid 186168] [client 172.70.55.14:16598] PHP Notice:  Undefined offset: 2 in /var/www/html/libs/App.php on line 43, referer: https://uber.robertcastillo.me/usuarios
[Fri Mar 04 22:31:36.944850 2022] [php7:notice] [pid 186168] [client 172.70.55.14:16598] PHP Notice:  Undefined property: View::$reload in /var/www/html/views/clientes/index.php on line 12, referer: https://uber.robertcastillo.me/usuarios
[Fri Mar 04 22:31:36.944872 2022] [php7:notice] [pid 186168] [client 172.70.55.14:16598] PHP Notice:  Undefined property: View::$error in /var/www/html/views/clientes/index.php on line 17, referer: https://uber.robertcastillo.me/usuarios
[Fri Mar 04 22:31:36.944891 2022] [php7:notice] [pid 186168] [client 172.70.55.14:16598] PHP Notice:  Undefined property: View::$clientes in /var/www/html/views/clientes/index.php on line 29, referer: https://uber.robertcastillo.me/usuarios
[Fri Mar 04 22:31:36.944903 2022] [php7:notice] [pid 186168] [client 172.70.55.14:16598] PHP Notice:  Trying to access array offset on value of type null in /var/www/html/views/clientes/index.php on line 30, referer: https://uber.robertcastillo.me/usuarios
[Fri Mar 04 22:31:36.944910 2022] [php7:warn] [pid 186168] [client 172.70.55.14:16598] PHP Warning:  Invalid argument supplied for foreach() in /var/www/html/views/clientes/index.php on line 31, referer: https://uber.robertcastillo.me/usuarios
[Fri Mar 04 22:31:36.944915 2022] [php7:warn] [pid 186168] [client 172.70.55.14:16598] PHP Warning:  Invalid argument supplied for foreach() in /var/www/html/views/clientes/index.php on line 42, referer: https://uber.robertcastillo.me/usuarios
[Fri Mar 04 22:31:36.944921 2022] [php7:warn] [pid 186168] [client 172.70.55.14:16598] PHP Warning:  count(): Parameter must be an array or an object that implements Countable in /var/www/html/views/clientes/index.php on line 62, referer: https://uber.robertcastillo.me/usuarios
[Fri Mar 04 22:31:36.944927 2022] [php7:notice] [pid 186168] [client 172.70.55.14:16598] PHP Notice:  Undefined property: View::$inactivos in /var/www/html/views/clientes/index.php on line 87, referer: https://uber.robertcastillo.me/usuarios
[Fri Mar 04 22:31:36.944933 2022] [php7:notice] [pid 186168] [client 172.70.55.14:16598] PHP Notice:  Undefined variable: usuarios in /var/www/html/views/clientes/index.php on line 88, referer: https://uber.robertcastillo.me/usuarios
[Fri Mar 04 22:31:36.944938 2022] [php7:notice] [pid 186168] [client 172.70.55.14:16598] PHP Notice:  Trying to access array offset on value of type null in /var/www/html/views/clientes/index.php on line 88, referer: https://uber.robertcastillo.me/usuarios
[Fri Mar 04 22:31:36.944943 2022] [php7:warn] [pid 186168] [client 172.70.55.14:16598] PHP Warning:  Invalid argument supplied for foreach() in /var/www/html/views/clientes/index.php on line 89, referer: https://uber.robertcastillo.me/usuarios
[Fri Mar 04 22:31:36.944948 2022] [php7:warn] [pid 186168] [client 172.70.55.14:16598] PHP Warning:  Invalid argument supplied for foreach() in /var/www/html/views/clientes/index.php on line 100, referer: https://uber.robertcastillo.me/usuarios
[Fri Mar 04 22:31:36.944953 2022] [php7:warn] [pid 186168] [client 172.70.55.14:16598] PHP Warning:  count(): Parameter must be an array or an object that implements Countable in /var/www/html/views/clientes/index.php on line 120, referer: https://uber.robertcastillo.me/usuarios
[Fri Mar 04 22:31:37.092301 2022] [php7:warn] [pid 202097] [client 172.70.54.235:56482] PHP Warning:  Use of undefined constant URL - assumed 'URL' (this will throw an Error in a future version of PHP) in /var/www/html/config/constants.php on line 4, referer: https://uber.robertcastillo.me/clientes
[Fri Mar 04 22:31:37.092345 2022] [php7:notice] [pid 202097] [client 172.70.54.235:56482] PHP Notice:  Undefined offset: 1 in /var/www/html/libs/App.php on line 18, referer: https://uber.robertcastillo.me/clientes
[Fri Mar 04 22:31:38.454887 2022] [php7:warn] [pid 186168] [client 172.70.55.14:16598] PHP Warning:  Use of undefined constant URL - assumed 'URL' (this will throw an Error in a future version of PHP) in /var/www/html/config/constants.php on line 4, referer: https://uber.robertcastillo.me/clientes
[Fri Mar 04 22:31:38.454942 2022] [php7:notice] [pid 186168] [client 172.70.55.14:16598] PHP Notice:  Undefined offset: 1 in /var/www/html/libs/App.php on line 18, referer: https://uber.robertcastillo.me/clientes
[Fri Mar 04 22:31:38.457366 2022] [php7:notice] [pid 186168] [client 172.70.55.14:16598] PHP Notice:  Undefined offset: 2 in /var/www/html/libs/App.php on line 43, referer: https://uber.robertcastillo.me/clientes
[Fri Mar 04 22:31:38.457821 2022] [php7:notice] [pid 186168] [client 172.70.55.14:16598] PHP Notice:  Undefined property: View::$reload in /var/www/html/views/conductores/index.php on line 13, referer: https://uber.robertcastillo.me/clientes
[Fri Mar 04 22:31:38.457859 2022] [php7:notice] [pid 186168] [client 172.70.55.14:16598] PHP Notice:  Undefined property: View::$error in /var/www/html/views/conductores/index.php on line 19, referer: https://uber.robertcastillo.me/clientes
[Fri Mar 04 22:31:38.782862 2022] [php7:warn] [pid 202097] [client 172.70.54.235:56482] PHP Warning:  Use of undefined constant URL - assumed 'URL' (this will throw an Error in a future version of PHP) in /var/www/html/config/constants.php on line 4, referer: https://uber.robertcastillo.me/conductores
[Fri Mar 04 22:31:38.782909 2022] [php7:notice] [pid 202097] [client 172.70.54.235:56482] PHP Notice:  Undefined offset: 1 in /var/www/html/libs/App.php on line 18, referer: https://uber.robertcastillo.me/conductores
[Fri Mar 04 22:31:42.667572 2022] [php7:warn] [pid 186168] [client 172.70.55.14:16598] PHP Warning:  Use of undefined constant URL - assumed 'URL' (this will throw an Error in a future version of PHP) in /var/www/html/config/constants.php on line 4, referer: https://uber.robertcastillo.me/conductores
[Fri Mar 04 22:31:42.670948 2022] [php7:notice] [pid 186168] [client 172.70.55.14:16598] PHP Notice:  Undefined property: View::$reload in /var/www/html/views/conductores/conductor.php on line 11, referer: https://uber.robertcastillo.me/conductores
[Fri Mar 04 22:31:42.670967 2022] [php7:notice] [pid 186168] [client 172.70.55.14:16598] PHP Notice:  Undefined property: View::$error in /var/www/html/views/conductores/conductor.php on line 15, referer: https://uber.robertcastillo.me/conductores
[Fri Mar 04 22:31:42.670985 2022] [php7:notice] [pid 186168] [client 172.70.55.14:16598] PHP Notice:  Undefined property: View::$condutor in /var/www/html/views/conductores/conductor.php on line 38, referer: https://uber.robertcastillo.me/conductores
[Fri Mar 04 22:31:42.670992 2022] [php7:notice] [pid 186168] [client 172.70.55.14:16598] PHP Notice:  Trying to access array offset on value of type null in /var/www/html/views/conductores/conductor.php on line 38, referer: https://uber.robertcastillo.me/conductores
[Fri Mar 04 22:31:42.866793 2022] [php7:warn] [pid 202097] [client 172.70.54.235:56482] PHP Warning:  Use of undefined constant URL - assumed 'URL' (this will throw an Error in a future version of PHP) in /var/www/html/config/constants.php on line 4, referer: https://uber.robertcastillo.me/conductores/get/1
[Fri Mar 04 22:31:42.866837 2022] [php7:notice] [pid 202097] [client 172.70.54.235:56482] PHP Notice:  Undefined offset: 1 in /var/www/html/libs/App.php on line 18, referer: https://uber.robertcastillo.me/conductores/get/1
[Fri Mar 04 22:31:46.420419 2022] [php7:warn] [pid 186168] [client 172.70.55.14:16598] PHP Warning:  Use of undefined constant URL - assumed 'URL' (this will throw an Error in a future version of PHP) in /var/www/html/config/constants.php on line 4, referer: https://uber.robertcastillo.me/conductores/get/1
[Fri Mar 04 22:31:46.422958 2022] [php7:notice] [pid 186168] [client 172.70.55.14:16598] PHP Notice:  Undefined offset: 2 in /var/www/html/libs/App.php on line 43, referer: https://uber.robertcastillo.me/conductores/get/1
[Fri Mar 04 22:31:46.423231 2022] [php7:error] [pid 186168] [client 172.70.55.14:16598] PHP Fatal error:  Uncaught Error: Call to a member function bind_param() on bool in /var/www/html/models/Conductor.php:70\nStack trace:\n#0 /var/www/html/controllers/conductores.php(52): Conductor->update()\n#1 /var/www/html/libs/App.php(43): Conductores->update()\n#2 /var/www/html/index.php(15): App->__construct()\n#3 {main}\n  thrown in /var/www/html/models/Conductor.php on line 70, referer: https://uber.robertcastillo.me/conductores/get/1
[Fri Mar 04 22:31:46.545441 2022] [php7:warn] [pid 202097] [client 172.70.54.235:56482] PHP Warning:  Use of undefined constant URL - assumed 'URL' (this will throw an Error in a future version of PHP) in /var/www/html/config/constants.php on line 4, referer: https://uber.robertcastillo.me/conductores/update
[Fri Mar 04 22:31:46.545500 2022] [php7:notice] [pid 202097] [client 172.70.54.235:56482] PHP Notice:  Undefined offset: 1 in /var/www/html/libs/App.php on line 18, referer: https://uber.robertcastillo.me/conductores/update
[Fri Mar 04 22:31:48.674532 2022] [php7:warn] [pid 186705] [client 172.70.55.14:16764] PHP Warning:  Use of undefined constant URL - assumed 'URL' (this will throw an Error in a future version of PHP) in /var/www/html/config/constants.php on line 4, referer: https://uber.robertcastillo.me/conductores
[Fri Mar 04 22:31:48.677605 2022] [php7:notice] [pid 186705] [client 172.70.55.14:16764] PHP Notice:  Undefined property: View::$reload in /var/www/html/views/conductores/conductor.php on line 11, referer: https://uber.robertcastillo.me/conductores
[Fri Mar 04 22:31:48.677679 2022] [php7:notice] [pid 186705] [client 172.70.55.14:16764] PHP Notice:  Undefined property: View::$error in /var/www/html/views/conductores/conductor.php on line 15, referer: https://uber.robertcastillo.me/conductores
[Fri Mar 04 22:31:48.677759 2022] [php7:notice] [pid 186705] [client 172.70.55.14:16764] PHP Notice:  Undefined property: View::$condutor in /var/www/html/views/conductores/conductor.php on line 38, referer: https://uber.robertcastillo.me/conductores
[Fri Mar 04 22:31:48.677815 2022] [php7:notice] [pid 186705] [client 172.70.55.14:16764] PHP Notice:  Trying to access array offset on value of type null in /var/www/html/views/conductores/conductor.php on line 38, referer: https://uber.robertcastillo.me/conductores
[Fri Mar 04 22:31:48.825127 2022] [php7:warn] [pid 202097] [client 172.70.54.235:56482] PHP Warning:  Use of undefined constant URL - assumed 'URL' (this will throw an Error in a future version of PHP) in /var/www/html/config/constants.php on line 4, referer: https://uber.robertcastillo.me/conductores/get/1
[Fri Mar 04 22:31:48.825277 2022] [php7:notice] [pid 202097] [client 172.70.54.235:56482] PHP Notice:  Undefined offset: 1 in /var/www/html/libs/App.php on line 18, referer: https://uber.robertcastillo.me/conductores/get/1
[Fri Mar 04 22:34:29.295062 2022] [php7:warn] [pid 185828] [client 172.70.82.167:16870] PHP Warning:  Use of undefined constant URL - assumed 'URL' (this will throw an Error in a future version of PHP) in /var/www/html/config/constants.php on line 4
[Fri Mar 04 22:34:29.295117 2022] [php7:notice] [pid 185828] [client 172.70.82.167:16870] PHP Notice:  Undefined index: url in /var/www/html/libs/App.php on line 4
[Fri Mar 04 22:34:29.295131 2022] [php7:notice] [pid 185828] [client 172.70.82.167:16870] PHP Notice:  Undefined index: ok in /var/www/html/libs/App.php on line 11
[Fri Mar 04 22:34:29.295137 2022] [php7:notice] [pid 185828] [client 172.70.82.167:16870] PHP Notice:  Undefined offset: 1 in /var/www/html/libs/App.php on line 18
[Fri Mar 04 22:34:29.299238 2022] [php7:notice] [pid 185828] [client 172.70.82.167:16870] PHP Notice:  Undefined offset: 2 in /var/www/html/libs/App.php on line 43
[Fri Mar 04 22:34:29.299276 2022] [php7:notice] [pid 185828] [client 172.70.82.167:16870] PHP Notice:  Undefined property: View::$error in /var/www/html/views/login/index.php on line 26
[Fri Mar 04 22:34:30.052440 2022] [php7:warn] [pid 185830] [client 172.70.82.149:18890] PHP Warning:  Use of undefined constant URL - assumed 'URL' (this will throw an Error in a future version of PHP) in /var/www/html/config/constants.php on line 4, referer: https://uber.robertcastillo.me/
[Fri Mar 04 22:34:30.052495 2022] [php7:notice] [pid 185830] [client 172.70.82.149:18890] PHP Notice:  Undefined offset: 1 in /var/www/html/libs/App.php on line 18, referer: https://uber.robertcastillo.me/
[Fri Mar 04 22:34:30.057801 2022] [php7:notice] [pid 185830] [client 172.70.82.149:18890] PHP Notice:  Undefined offset: 2 in /var/www/html/libs/App.php on line 43, referer: https://uber.robertcastillo.me/
[Fri Mar 04 22:34:30.057849 2022] [php7:notice] [pid 185830] [client 172.70.82.149:18890] PHP Notice:  Undefined property: View::$error in /var/www/html/views/login/index.php on line 26, referer: https://uber.robertcastillo.me/
[Fri Mar 04 22:35:01.214181 2022] [php7:warn] [pid 185831] [client 108.162.210.149:33390] PHP Warning:  Use of undefined constant URL - assumed 'URL' (this will throw an Error in a future version of PHP) in /var/www/html/config/constants.php on line 4, referer: https://uber.robertcastillo.me/
[Fri Mar 04 22:35:01.219581 2022] [php7:notice] [pid 185831] [client 108.162.210.149:33390] PHP Notice:  Undefined offset: 2 in /var/www/html/libs/App.php on line 43, referer: https://uber.robertcastillo.me/
[Fri Mar 04 22:35:01.603090 2022] [php7:warn] [pid 185827] [client 108.162.212.50:25982] PHP Warning:  Use of undefined constant URL - assumed 'URL' (this will throw an Error in a future version of PHP) in /var/www/html/config/constants.php on line 4, referer: https://uber.robertcastillo.me/login/entrar
[Fri Mar 04 22:35:01.603139 2022] [php7:notice] [pid 185827] [client 108.162.212.50:25982] PHP Notice:  Undefined offset: 1 in /var/www/html/libs/App.php on line 18, referer: https://uber.robertcastillo.me/login/entrar
[Fri Mar 04 22:35:06.216837 2022] [php7:warn] [pid 185831] [client 108.162.210.149:33390] PHP Warning:  Use of undefined constant URL - assumed 'URL' (this will throw an Error in a future version of PHP) in /var/www/html/config/constants.php on line 4, referer: https://uber.robertcastillo.me/login/entrar
[Fri Mar 04 22:35:06.216889 2022] [php7:notice] [pid 185831] [client 108.162.210.149:33390] PHP Notice:  Undefined index: url in /var/www/html/libs/App.php on line 4, referer: https://uber.robertcastillo.me/login/entrar
[Fri Mar 04 22:35:06.216915 2022] [php7:notice] [pid 185831] [client 108.162.210.149:33390] PHP Notice:  Undefined offset: 1 in /var/www/html/libs/App.php on line 18, referer: https://uber.robertcastillo.me/login/entrar
[Fri Mar 04 22:35:06.216981 2022] [php7:notice] [pid 185831] [client 108.162.210.149:33390] PHP Notice:  Undefined offset: 2 in /var/www/html/libs/App.php on line 43, referer: https://uber.robertcastillo.me/login/entrar
[Fri Mar 04 22:35:06.452825 2022] [php7:warn] [pid 185827] [client 108.162.212.50:25982] PHP Warning:  Use of undefined constant URL - assumed 'URL' (this will throw an Error in a future version of PHP) in /var/www/html/config/constants.php on line 4, referer: https://uber.robertcastillo.me/
[Fri Mar 04 22:35:06.452869 2022] [php7:notice] [pid 185827] [client 108.162.212.50:25982] PHP Notice:  Undefined offset: 1 in /var/www/html/libs/App.php on line 18, referer: https://uber.robertcastillo.me/
[Fri Mar 04 22:35:07.850198 2022] [php7:warn] [pid 185831] [client 108.162.210.149:33390] PHP Warning:  Use of undefined constant URL - assumed 'URL' (this will throw an Error in a future version of PHP) in /var/www/html/config/constants.php on line 4, referer: https://uber.robertcastillo.me/
[Fri Mar 04 22:35:07.850244 2022] [php7:notice] [pid 185831] [client 108.162.210.149:33390] PHP Notice:  Undefined offset: 1 in /var/www/html/libs/App.php on line 18, referer: https://uber.robertcastillo.me/
[Fri Mar 04 22:35:07.852679 2022] [php7:notice] [pid 185831] [client 108.162.210.149:33390] PHP Notice:  Undefined offset: 2 in /var/www/html/libs/App.php on line 43, referer: https://uber.robertcastillo.me/
[Fri Mar 04 22:35:07.855312 2022] [php7:notice] [pid 185831] [client 108.162.210.149:33390] PHP Notice:  Undefined property: View::$reload in /var/www/html/views/usuarios/index.php on line 13, referer: https://uber.robertcastillo.me/
[Fri Mar 04 22:35:07.855337 2022] [php7:notice] [pid 185831] [client 108.162.210.149:33390] PHP Notice:  Undefined property: View::$error in /var/www/html/views/usuarios/index.php on line 19, referer: https://uber.robertcastillo.me/
[Fri Mar 04 22:35:08.358350 2022] [php7:warn] [pid 185827] [client 108.162.212.50:25982] PHP Warning:  Use of undefined constant URL - assumed 'URL' (this will throw an Error in a future version of PHP) in /var/www/html/config/constants.php on line 4, referer: https://uber.robertcastillo.me/usuarios
[Fri Mar 04 22:35:08.358399 2022] [php7:notice] [pid 185827] [client 108.162.212.50:25982] PHP Notice:  Undefined offset: 1 in /var/www/html/libs/App.php on line 18, referer: https://uber.robertcastillo.me/usuarios
